// Jest Snapshot v1, https://goo.gl/fbAQLP

exports[`should render expense list with empty message 1`] = `
<div
  className="content-container"
>
  <div
    className="list-header"
  >
    <div
      className="show-for-mobile"
    >
      Expenses
    </div>
    <div
      className="show-for-desktop"
    >
      Expense
    </div>
    <div
      className="show-for-desktop"
    >
      Amount
    </div>
  </div>
  <div
    className="list-body"
  >
    <div
      className="list-item list-item--message"
    >
      <span>
        No expenses
      </span>
    </div>
  </div>
</div>
`;

exports[`should render expense list with expenses 1`] = `
<div
  className="content-container"
>
  <div
    className="list-header"
  >
    <div
      className="show-for-mobile"
    >
      Expenses
    </div>
    <div
      className="show-for-desktop"
    >
      Expense
    </div>
    <div
      className="show-for-desktop"
    >
      Amount
    </div>
  </div>
  <div
    className="list-body"
  >
    <ExpenseListItem
      amount={199900}
      createdAt={0}
      description="rent"
      id="1"
      key="1"
      note="it is expensive"
    />
    <ExpenseListItem
      amount={1900}
      createdAt={-345600000}
      description="gas"
      id="2"
      key="2"
      note="it is okay"
    />
    <ExpenseListItem
      amount={45000}
      createdAt={345600000}
      description="car"
      id="3"
      key="3"
      note="it is expensive"
    />
    <ExpenseListItem
      amount={66798}
      createdAt={10368000000}
      description="energy"
      id="4"
      key="4"
      note="it is super expensive"
    />
  </div>
</div>
`;
