// Jest Snapshot v1, https://goo.gl/fbAQLP

exports[`should render NotFoundPage 1`] = `
<h1>
  404! - 
  <Link
    to="/"
  >
    Go Home
  </Link>
   
</h1>
`;
